{
  "/Users/jeffasare/Documents/GitHub/jeffery-asare-site/images/portfolio/eclipse/ec-before-the-words-come.jpg": "error: view size is not compatible with input tensor's size and stride (at least one dimension spans across two contiguous subspaces). Use .reshape(...) instead.",
  "/Users/jeffasare/Documents/GitHub/jeffery-asare-site/images/portfolio/eclipse/ec-blood-and-shadow.jpg": "error: view size is not compatible with input tensor's size and stride (at least one dimension spans across two contiguous subspaces). Use .reshape(...) instead.",
  "/Users/jeffasare/Documents/GitHub/jeffery-asare-site/images/portfolio/eclipse/ec-dont-look-away.jpg": "error: view size is not compatible with input tensor's size and stride (at least one dimension spans across two contiguous subspaces). Use .reshape(...) instead.",
  "/Users/jeffasare/Documents/GitHub/jeffery-asare-site/images/portfolio/eclipse/ec-half-hidden.jpg": "error: view size is not compatible with input tensor's size and stride (at least one dimension spans across two contiguous subspaces). Use .reshape(...) instead.",
  "/Users/jeffasare/Documents/GitHub/jeffery-asare-site/images/portfolio/eclipse/ec-he-wore-no-crown.jpg": "error: view size is not compatible with input tensor's size and stride (at least one dimension spans across two contiguous subspaces). Use .reshape(...) instead.",
  "/Users/jeffasare/Documents/GitHub/jeffery-asare-site/images/portfolio/eclipse/ec-man-and-the-moon.jpg": "error: view size is not compatible with input tensor's size and stride (at least one dimension spans across two contiguous subspaces). Use .reshape(...) instead.",
  "/Users/jeffasare/Documents/GitHub/jeffery-asare-site/images/portfolio/eclipse/ec-no-more-than-a-shadow.jpg": "error: view size is not compatible with input tensor's size and stride (at least one dimension spans across two contiguous subspaces). Use .reshape(...) instead.",
  "/Users/jeffasare/Documents/GitHub/jeffery-asare-site/images/portfolio/eclipse/ec-on-purple.jpg": "error: view size is not compatible with input tensor's size and stride (at least one dimension spans across two contiguous subspaces). Use .reshape(...) instead.",
  "/Users/jeffasare/Documents/GitHub/jeffery-asare-site/images/portfolio/eclipse/ec-pause.jpg": "error: view size is not compatible with input tensor's size and stride (at least one dimension spans across two contiguous subspaces). Use .reshape(...) instead.",
  "/Users/jeffasare/Documents/GitHub/jeffery-asare-site/images/portfolio/eclipse/ec-searching-for-signs.jpg": "error: view size is not compatible with input tensor's size and stride (at least one dimension spans across two contiguous subspaces). Use .reshape(...) instead.",
  "/Users/jeffasare/Documents/GitHub/jeffery-asare-site/images/portfolio/eclipse/ec-the-covering.jpg": "error: view size is not compatible with input tensor's size and stride (at least one dimension spans across two contiguous subspaces). Use .reshape(...) instead.",
  "/Users/jeffasare/Documents/GitHub/jeffery-asare-site/images/portfolio/eclipse/ec-the-halo-he-didnt-ask-for.jpg": "error: view size is not compatible with input tensor's size and stride (at least one dimension spans across two contiguous subspaces). Use .reshape(...) instead.",
  "/Users/jeffasare/Documents/GitHub/jeffery-asare-site/images/portfolio/eclipse/ec-the-joy-that-holds.jpg": "error: view size is not compatible with input tensor's size and stride (at least one dimension spans across two contiguous subspaces). Use .reshape(...) instead.",
  "/Users/jeffasare/Documents/GitHub/jeffery-asare-site/images/portfolio/eclipse/ec-what-you-could-still-see.jpg": "error: view size is not compatible with input tensor's size and stride (at least one dimension spans across two contiguous subspaces). Use .reshape(...) instead.",
  "/Users/jeffasare/Documents/GitHub/jeffery-asare-site/images/portfolio/portraits/pt-almost-gone.jpg": "error: view size is not compatible with input tensor's size and stride (at least one dimension spans across two contiguous subspaces). Use .reshape(...) instead.",
  "/Users/jeffasare/Documents/GitHub/jeffery-asare-site/images/portfolio/portraits/pt-before-he-looked-up.jpg": "error: view size is not compatible with input tensor's size and stride (at least one dimension spans across two contiguous subspaces). Use .reshape(...) instead.",
  "/Users/jeffasare/Documents/GitHub/jeffery-asare-site/images/portfolio/portraits/pt-beyond-the-surface.jpg": "error: view size is not compatible with input tensor's size and stride (at least one dimension spans across two contiguous subspaces). Use .reshape(...) instead.",
  "/Users/jeffasare/Documents/GitHub/jeffery-asare-site/images/portfolio/portraits/pt-blinded-by-the-spotlight.jpg": "error: view size is not compatible with input tensor's size and stride (at least one dimension spans across two contiguous subspaces). Use .reshape(...) instead.",
  "/Users/jeffasare/Documents/GitHub/jeffery-asare-site/images/portfolio/portraits/pt-chaos-of-desires.jpg": "error: view size is not compatible with input tensor's size and stride (at least one dimension spans across two contiguous subspaces). Use .reshape(...) instead.",
  "/Users/jeffasare/Documents/GitHub/jeffery-asare-site/images/portfolio/portraits/pt-delving-deep.jpg": "error: view size is not compatible with input tensor's size and stride (at least one dimension spans across two contiguous subspaces). Use .reshape(...) instead.",
  "/Users/jeffasare/Documents/GitHub/jeffery-asare-site/images/portfolio/portraits/pt-edge-of-gold.jpg": "error: view size is not compatible with input tensor's size and stride (at least one dimension spans across two contiguous subspaces). Use .reshape(...) instead.",
  "/Users/jeffasare/Documents/GitHub/jeffery-asare-site/images/portfolio/portraits/pt-folded.jpg": "error: view size is not compatible with input tensor's size and stride (at least one dimension spans across two contiguous subspaces). Use .reshape(...) instead.",
  "/Users/jeffasare/Documents/GitHub/jeffery-asare-site/images/portfolio/portraits/pt-hands-pressed.jpg": "error: view size is not compatible with input tensor's size and stride (at least one dimension spans across two contiguous subspaces). Use .reshape(...) instead.",
  "/Users/jeffasare/Documents/GitHub/jeffery-asare-site/images/portfolio/portraits/pt-holding-on.jpg": "error: view size is not compatible with input tensor's size and stride (at least one dimension spans across two contiguous subspaces). Use .reshape(...) instead.",
  "/Users/jeffasare/Documents/GitHub/jeffery-asare-site/images/portfolio/portraits/pt-in-the-red.jpg": "error: view size is not compatible with input tensor's size and stride (at least one dimension spans across two contiguous subspaces). Use .reshape(...) instead.",
  "/Users/jeffasare/Documents/GitHub/jeffery-asare-site/images/portfolio/portraits/pt-limitations.jpg": "error: view size is not compatible with input tensor's size and stride (at least one dimension spans across two contiguous subspaces). Use .reshape(...) instead.",
  "/Users/jeffasare/Documents/GitHub/jeffery-asare-site/images/portfolio/portraits/pt-looking-past-it-all.jpg": "error: view size is not compatible with input tensor's size and stride (at least one dimension spans across two contiguous subspaces). Use .reshape(...) instead.",
  "/Users/jeffasare/Documents/GitHub/jeffery-asare-site/images/portfolio/portraits/pt-made-of.jpg": "error: view size is not compatible with input tensor's size and stride (at least one dimension spans across two contiguous subspaces). Use .reshape(...) instead.",
  "/Users/jeffasare/Documents/GitHub/jeffery-asare-site/images/portfolio/portraits/pt-mid-thought.jpg": "error: view size is not compatible with input tensor's size and stride (at least one dimension spans across two contiguous subspaces). Use .reshape(...) instead.",
  "/Users/jeffasare/Documents/GitHub/jeffery-asare-site/images/portfolio/portraits/pt-mysteries-untold.jpg": "error: view size is not compatible with input tensor's size and stride (at least one dimension spans across two contiguous subspaces). Use .reshape(...) instead.",
  "/Users/jeffasare/Documents/GitHub/jeffery-asare-site/images/portfolio/portraits/pt-offstage.jpg": "error: view size is not compatible with input tensor's size and stride (at least one dimension spans across two contiguous subspaces). Use .reshape(...) instead.",
  "/Users/jeffasare/Documents/GitHub/jeffery-asare-site/images/portfolio/portraits/pt-petra.jpg": "error: view size is not compatible with input tensor's size and stride (at least one dimension spans across two contiguous subspaces). Use .reshape(...) instead.",
  "/Users/jeffasare/Documents/GitHub/jeffery-asare-site/images/portfolio/portraits/pt-preparation.jpg": "error: view size is not compatible with input tensor's size and stride (at least one dimension spans across two contiguous subspaces). Use .reshape(...) instead.",
  "/Users/jeffasare/Documents/GitHub/jeffery-asare-site/images/portfolio/portraits/pt-solace.jpg": "error: view size is not compatible with input tensor's size and stride (at least one dimension spans across two contiguous subspaces). Use .reshape(...) instead.",
  "/Users/jeffasare/Documents/GitHub/jeffery-asare-site/images/portfolio/portraits/pt-something-caught-his-attention.jpg": "error: view size is not compatible with input tensor's size and stride (at least one dimension spans across two contiguous subspaces). Use .reshape(...) instead.",
  "/Users/jeffasare/Documents/GitHub/jeffery-asare-site/images/portfolio/portraits/pt-somewhere-else.jpg": "error: view size is not compatible with input tensor's size and stride (at least one dimension spans across two contiguous subspaces). Use .reshape(...) instead.",
  "/Users/jeffasare/Documents/GitHub/jeffery-asare-site/images/portfolio/portraits/pt-split.jpg": "error: view size is not compatible with input tensor's size and stride (at least one dimension spans across two contiguous subspaces). Use .reshape(...) instead.",
  "/Users/jeffasare/Documents/GitHub/jeffery-asare-site/images/portfolio/portraits/pt-the-burden-of-awareness.jpg": "error: view size is not compatible with input tensor's size and stride (at least one dimension spans across two contiguous subspaces). Use .reshape(...) instead.",
  "/Users/jeffasare/Documents/GitHub/jeffery-asare-site/images/portfolio/portraits/pt-the-crown.jpg": "error: view size is not compatible with input tensor's size and stride (at least one dimension spans across two contiguous subspaces). Use .reshape(...) instead.",
  "/Users/jeffasare/Documents/GitHub/jeffery-asare-site/images/portfolio/portraits/pt-the-gaze.jpg": "error: view size is not compatible with input tensor's size and stride (at least one dimension spans across two contiguous subspaces). Use .reshape(...) instead.",
  "/Users/jeffasare/Documents/GitHub/jeffery-asare-site/images/portfolio/portraits/pt-the-gele.jpg": "error: view size is not compatible with input tensor's size and stride (at least one dimension spans across two contiguous subspaces). Use .reshape(...) instead.",
  "/Users/jeffasare/Documents/GitHub/jeffery-asare-site/images/portfolio/portraits/pt-the-language-of-stillness.jpg": "error: view size is not compatible with input tensor's size and stride (at least one dimension spans across two contiguous subspaces). Use .reshape(...) instead.",
  "/Users/jeffasare/Documents/GitHub/jeffery-asare-site/images/portfolio/portraits/pt-the-still-woman.jpg": "error: view size is not compatible with input tensor's size and stride (at least one dimension spans across two contiguous subspaces). Use .reshape(...) instead.",
  "/Users/jeffasare/Documents/GitHub/jeffery-asare-site/images/portfolio/portraits/pt-the-sun-found-her.jpg": "error: view size is not compatible with input tensor's size and stride (at least one dimension spans across two contiguous subspaces). Use .reshape(...) instead.",
  "/Users/jeffasare/Documents/GitHub/jeffery-asare-site/images/portfolio/portraits/pt-two-of-the-same.jpg": "error: view size is not compatible with input tensor's size and stride (at least one dimension spans across two contiguous subspaces). Use .reshape(...) instead.",
  "/Users/jeffasare/Documents/GitHub/jeffery-asare-site/images/portfolio/portraits/pt-vicky.jpg": "error: view size is not compatible with input tensor's size and stride (at least one dimension spans across two contiguous subspaces). Use .reshape(...) instead.",
  "/Users/jeffasare/Documents/GitHub/jeffery-asare-site/images/portfolio/portraits/pt-washed-out.jpg": "error: view size is not compatible with input tensor's size and stride (at least one dimension spans across two contiguous subspaces). Use .reshape(...) instead.",
  "/Users/jeffasare/Documents/GitHub/jeffery-asare-site/images/portfolio/portraits/pt-you-were-in-the-way.jpg": "error: view size is not compatible with input tensor's size and stride (at least one dimension spans across two contiguous subspaces). Use .reshape(...) instead.",
  "/Users/jeffasare/Documents/GitHub/jeffery-asare-site/images/portfolio/random-stories/rs-beautys-thorn.jpg": "error: view size is not compatible with input tensor's size and stride (at least one dimension spans across two contiguous subspaces). Use .reshape(...) instead.",
  "/Users/jeffasare/Documents/GitHub/jeffery-asare-site/images/portfolio/random-stories/rs-carrying-it-all.jpg": "error: view size is not compatible with input tensor's size and stride (at least one dimension spans across two contiguous subspaces). Use .reshape(...) instead.",
  "/Users/jeffasare/Documents/GitHub/jeffery-asare-site/images/portfolio/random-stories/rs-connected-steps.jpg": "error: view size is not compatible with input tensor's size and stride (at least one dimension spans across two contiguous subspaces). Use .reshape(...) instead.",
  "/Users/jeffasare/Documents/GitHub/jeffery-asare-site/images/portfolio/random-stories/rs-deliberate-progress.jpg": "error: view size is not compatible with input tensor's size and stride (at least one dimension spans across two contiguous subspaces). Use .reshape(...) instead.",
  "/Users/jeffasare/Documents/GitHub/jeffery-asare-site/images/portfolio/random-stories/rs-divergent-views.jpg": "error: view size is not compatible with input tensor's size and stride (at least one dimension spans across two contiguous subspaces). Use .reshape(...) instead.",
  "/Users/jeffasare/Documents/GitHub/jeffery-asare-site/images/portfolio/random-stories/rs-eyes-wide-open.jpg": "error: view size is not compatible with input tensor's size and stride (at least one dimension spans across two contiguous subspaces). Use .reshape(...) instead.",
  "/Users/jeffasare/Documents/GitHub/jeffery-asare-site/images/portfolio/random-stories/rs-fast-enough.jpg": "error: view size is not compatible with input tensor's size and stride (at least one dimension spans across two contiguous subspaces). Use .reshape(...) instead.",
  "/Users/jeffasare/Documents/GitHub/jeffery-asare-site/images/portfolio/random-stories/rs-he-saw-me-first.jpg": "error: view size is not compatible with input tensor's size and stride (at least one dimension spans across two contiguous subspaces). Use .reshape(...) instead.",
  "/Users/jeffasare/Documents/GitHub/jeffery-asare-site/images/portfolio/random-stories/rs-heaven-dey.jpg": "error: view size is not compatible with input tensor's size and stride (at least one dimension spans across two contiguous subspaces). Use .reshape(...) instead.",
  "/Users/jeffasare/Documents/GitHub/jeffery-asare-site/images/portfolio/random-stories/rs-her-view.jpg": "error: view size is not compatible with input tensor's size and stride (at least one dimension spans across two contiguous subspaces). Use .reshape(...) instead.",
  "/Users/jeffasare/Documents/GitHub/jeffery-asare-site/images/portfolio/random-stories/rs-hope-and-zeal.jpg": "error: view size is not compatible with input tensor's size and stride (at least one dimension spans across two contiguous subspaces). Use .reshape(...) instead.",
  "/Users/jeffasare/Documents/GitHub/jeffery-asare-site/images/portfolio/random-stories/rs-loud-and-unheard.jpg": "error: view size is not compatible with input tensor's size and stride (at least one dimension spans across two contiguous subspaces). Use .reshape(...) instead.",
  "/Users/jeffasare/Documents/GitHub/jeffery-asare-site/images/portfolio/random-stories/rs-making-it-work.jpg": "error: view size is not compatible with input tensor's size and stride (at least one dimension spans across two contiguous subspaces). Use .reshape(...) instead.",
  "/Users/jeffasare/Documents/GitHub/jeffery-asare-site/images/portfolio/random-stories/rs-overlooked.jpg": "error: view size is not compatible with input tensor's size and stride (at least one dimension spans across two contiguous subspaces). Use .reshape(...) instead.",
  "/Users/jeffasare/Documents/GitHub/jeffery-asare-site/images/portfolio/random-stories/rs-passage-of-time.jpg": "error: view size is not compatible with input tensor's size and stride (at least one dimension spans across two contiguous subspaces). Use .reshape(...) instead.",
  "/Users/jeffasare/Documents/GitHub/jeffery-asare-site/images/portfolio/random-stories/rs-reach.jpg": "error: view size is not compatible with input tensor's size and stride (at least one dimension spans across two contiguous subspaces). Use .reshape(...) instead.",
  "/Users/jeffasare/Documents/GitHub/jeffery-asare-site/images/portfolio/random-stories/rs-reflections-of-loyalty.jpg": "error: view size is not compatible with input tensor's size and stride (at least one dimension spans across two contiguous subspaces). Use .reshape(...) instead.",
  "/Users/jeffasare/Documents/GitHub/jeffery-asare-site/images/portfolio/random-stories/rs-resting-the-load.jpg": "error: view size is not compatible with input tensor's size and stride (at least one dimension spans across two contiguous subspaces). Use .reshape(...) instead.",
  "/Users/jeffasare/Documents/GitHub/jeffery-asare-site/images/portfolio/random-stories/rs-she-had-bananas.jpg": "error: view size is not compatible with input tensor's size and stride (at least one dimension spans across two contiguous subspaces). Use .reshape(...) instead.",
  "/Users/jeffasare/Documents/GitHub/jeffery-asare-site/images/portfolio/random-stories/rs-shoreline-silence.jpg": "error: view size is not compatible with input tensor's size and stride (at least one dimension spans across two contiguous subspaces). Use .reshape(...) instead.",
  "/Users/jeffasare/Documents/GitHub/jeffery-asare-site/images/portfolio/random-stories/rs-silhouette-companion.jpg": "error: view size is not compatible with input tensor's size and stride (at least one dimension spans across two contiguous subspaces). Use .reshape(...) instead.",
  "/Users/jeffasare/Documents/GitHub/jeffery-asare-site/images/portfolio/random-stories/rs-somebody-left-a-book.jpg": "error: view size is not compatible with input tensor's size and stride (at least one dimension spans across two contiguous subspaces). Use .reshape(...) instead.",
  "/Users/jeffasare/Documents/GitHub/jeffery-asare-site/images/portfolio/random-stories/rs-something-worth-rewinding.jpg": "error: view size is not compatible with input tensor's size and stride (at least one dimension spans across two contiguous subspaces). Use .reshape(...) instead.",
  "/Users/jeffasare/Documents/GitHub/jeffery-asare-site/images/portfolio/random-stories/rs-somewhere-to-land.jpg": "error: view size is not compatible with input tensor's size and stride (at least one dimension spans across two contiguous subspaces). Use .reshape(...) instead.",
  "/Users/jeffasare/Documents/GitHub/jeffery-asare-site/images/portfolio/random-stories/rs-still-going-just-not-yet.jpg": "error: view size is not compatible with input tensor's size and stride (at least one dimension spans across two contiguous subspaces). Use .reshape(...) instead.",
  "/Users/jeffasare/Documents/GitHub/jeffery-asare-site/images/portfolio/random-stories/rs-still-waters.jpg": "error: view size is not compatible with input tensor's size and stride (at least one dimension spans across two contiguous subspaces). Use .reshape(...) instead.",
  "/Users/jeffasare/Documents/GitHub/jeffery-asare-site/images/portfolio/random-stories/rs-sundays-favourite.jpg": "error: view size is not compatible with input tensor's size and stride (at least one dimension spans across two contiguous subspaces). Use .reshape(...) instead.",
  "/Users/jeffasare/Documents/GitHub/jeffery-asare-site/images/portfolio/random-stories/rs-the-herdsman.jpg": "error: view size is not compatible with input tensor's size and stride (at least one dimension spans across two contiguous subspaces). Use .reshape(...) instead.",
  "/Users/jeffasare/Documents/GitHub/jeffery-asare-site/images/portfolio/random-stories/rs-the-huddle.jpg": "error: view size is not compatible with input tensor's size and stride (at least one dimension spans across two contiguous subspaces). Use .reshape(...) instead.",
  "/Users/jeffasare/Documents/GitHub/jeffery-asare-site/images/portfolio/random-stories/rs-the-load-wont-wait.jpg": "error: view size is not compatible with input tensor's size and stride (at least one dimension spans across two contiguous subspaces). Use .reshape(...) instead.",
  "/Users/jeffasare/Documents/GitHub/jeffery-asare-site/images/portfolio/random-stories/rs-the-long-way-home.jpg": "error: view size is not compatible with input tensor's size and stride (at least one dimension spans across two contiguous subspaces). Use .reshape(...) instead.",
  "/Users/jeffasare/Documents/GitHub/jeffery-asare-site/images/portfolio/random-stories/rs-the-purple-market.jpg": "error: view size is not compatible with input tensor's size and stride (at least one dimension spans across two contiguous subspaces). Use .reshape(...) instead.",
  "/Users/jeffasare/Documents/GitHub/jeffery-asare-site/images/portfolio/random-stories/rs-their-kind-of-hello.jpg": "error: view size is not compatible with input tensor's size and stride (at least one dimension spans across two contiguous subspaces). Use .reshape(...) instead.",
  "/Users/jeffasare/Documents/GitHub/jeffery-asare-site/images/portfolio/random-stories/rs-time.jpg": "error: view size is not compatible with input tensor's size and stride (at least one dimension spans across two contiguous subspaces). Use .reshape(...) instead.",
  "/Users/jeffasare/Documents/GitHub/jeffery-asare-site/images/portfolio/random-stories/rs-tro-tro-pose.jpg": "error: view size is not compatible with input tensor's size and stride (at least one dimension spans across two contiguous subspaces). Use .reshape(...) instead.",
  "/Users/jeffasare/Documents/GitHub/jeffery-asare-site/images/portfolio/random-stories/rs-unhurried.jpg": "error: view size is not compatible with input tensor's size and stride (at least one dimension spans across two contiguous subspaces). Use .reshape(...) instead.",
  "/Users/jeffasare/Documents/GitHub/jeffery-asare-site/images/portfolio/random-stories/rs-unlocking-new-horizons.jpg": "error: view size is not compatible with input tensor's size and stride (at least one dimension spans across two contiguous subspaces). Use .reshape(...) instead.",
  "/Users/jeffasare/Documents/GitHub/jeffery-asare-site/images/portfolio/random-stories/rs-waiting-on-green.jpg": "error: view size is not compatible with input tensor's size and stride (at least one dimension spans across two contiguous subspaces). Use .reshape(...) instead.",
  "/Users/jeffasare/Documents/GitHub/jeffery-asare-site/images/portfolio/random-stories/rs-what-binds.jpg": "error: view size is not compatible with input tensor's size and stride (at least one dimension spans across two contiguous subspaces). Use .reshape(...) instead.",
  "/Users/jeffasare/Documents/GitHub/jeffery-asare-site/images/portfolio/random-stories/rs-what-they-had-was-theirs.jpg": "error: view size is not compatible with input tensor's size and stride (at least one dimension spans across two contiguous subspaces). Use .reshape(...) instead.",
  "/Users/jeffasare/Documents/GitHub/jeffery-asare-site/images/portfolio/eclipse/ec-before-the-words-come.webp": "ok",
  "/Users/jeffasare/Documents/GitHub/jeffery-asare-site/images/portfolio/eclipse/ec-blood-and-shadow.webp": "ok",
  "/Users/jeffasare/Documents/GitHub/jeffery-asare-site/images/portfolio/eclipse/ec-dont-look-away.webp": "ok",
  "/Users/jeffasare/Documents/GitHub/jeffery-asare-site/images/portfolio/eclipse/ec-half-hidden.webp": "ok",
  "/Users/jeffasare/Documents/GitHub/jeffery-asare-site/images/portfolio/eclipse/ec-he-wore-no-crown.webp": "ok",
  "/Users/jeffasare/Documents/GitHub/jeffery-asare-site/images/portfolio/eclipse/ec-man-and-the-moon.webp": "ok",
  "/Users/jeffasare/Documents/GitHub/jeffery-asare-site/images/portfolio/eclipse/ec-no-more-than-a-shadow.webp": "ok",
  "/Users/jeffasare/Documents/GitHub/jeffery-asare-site/images/portfolio/eclipse/ec-on-purple.webp": "ok",
  "/Users/jeffasare/Documents/GitHub/jeffery-asare-site/images/portfolio/eclipse/ec-pause.webp": "ok",
  "/Users/jeffasare/Documents/GitHub/jeffery-asare-site/images/portfolio/eclipse/ec-searching-for-signs.webp": "ok",
  "/Users/jeffasare/Documents/GitHub/jeffery-asare-site/images/portfolio/eclipse/ec-the-covering.webp": "ok",
  "/Users/jeffasare/Documents/GitHub/jeffery-asare-site/images/portfolio/eclipse/ec-the-halo-he-didnt-ask-for.webp": "ok",
  "/Users/jeffasare/Documents/GitHub/jeffery-asare-site/images/portfolio/eclipse/ec-the-joy-that-holds.webp": "ok",
  "/Users/jeffasare/Documents/GitHub/jeffery-asare-site/images/portfolio/eclipse/ec-what-you-could-still-see.webp": "ok",
  "/Users/jeffasare/Documents/GitHub/jeffery-asare-site/images/portfolio/portraits/pt-almost-gone.webp": "ok",
  "/Users/jeffasare/Documents/GitHub/jeffery-asare-site/images/portfolio/portraits/pt-before-he-looked-up.webp": "ok",
  "/Users/jeffasare/Documents/GitHub/jeffery-asare-site/images/portfolio/portraits/pt-beyond-the-surface.webp": "error: MPS backend out of memory (MPS allocated: 9.06 GiB, other allocations: 2.45 MiB, max allowed: 9.07 GiB). Tried to allocate 16.00 MiB on private pool. Use PYTORCH_MPS_HIGH_WATERMARK_RATIO=0.0 to disable upper limit for memory allocations (may cause system failure).",
  "/Users/jeffasare/Documents/GitHub/jeffery-asare-site/images/portfolio/portraits/pt-blinded-by-the-spotlight.webp": "error: MPS backend out of memory (MPS allocated: 9.04 GiB, other allocations: 2.45 MiB, max allowed: 9.07 GiB). Tried to allocate 32.00 MiB on private pool. Use PYTORCH_MPS_HIGH_WATERMARK_RATIO=0.0 to disable upper limit for memory allocations (may cause system failure).",
  "/Users/jeffasare/Documents/GitHub/jeffery-asare-site/images/portfolio/portraits/pt-chaos-of-desires.webp": "error: MPS backend out of memory (MPS allocated: 9.04 GiB, other allocations: 2.45 MiB, max allowed: 9.07 GiB). Tried to allocate 32.00 MiB on private pool. Use PYTORCH_MPS_HIGH_WATERMARK_RATIO=0.0 to disable upper limit for memory allocations (may cause system failure)."
}